src/components/layout/Navbar.tsx(2,41): error TS2307: Cannot find module 'framer-motion' or its corresponding type declarations.
src/components/layout/Navbar.tsx(3,25): error TS2307: Cannot find module 'lucide-react' or its corresponding type declarations.
src/components/sections/Hero.tsx(1,49): error TS2307: Cannot find module 'framer-motion' or its corresponding type declarations.
src/components/sections/Services.tsx(1,24): error TS2307: Cannot find module 'framer-motion' or its corresponding type declarations.
src/components/sections/Services.tsx(3,51): error TS2307: Cannot find module 'lucide-react' or its corresponding type declarations.
